alexia
csantos
erik
ivan
jmedrano
justyna
ricardo
zaryn
jairo
lrus
sara
antonio
dalonso
slecanda
daniel.mccord
jmoreno
jimena
milena
dsanchez
felix.ruiz
sheila
spescador
nuria
jgomez
palvarez
econtreras
dpastor
lperalta
juan
imosquera
paloma.gonzalez
diana.martinez
mrodriguez
mbatle
jsordo
btejerina
meeting9
dsantiago
rtm
rtdev
osanjose
sconde
meeting10
meeting11
ocasado
anistor
alicia.gimeno
dzayas
nmartos
piliffe
mmartinez
meetingbcn1
meetingbcn2
cbarroso
smuriel
mjaguilar
release
aarregui
kenny
icontreras
reception1bcn
warias
fernando
jframos
juanma
jaltava
areti
francisco
jsoriano
dpaneda
japerez
avelasco
auria
carmen
sserrano
reception_alcala
anamateo
meeting8
aaron
jramirez
visitor
cfernandez
cperez
itprueba
mcoll
aholt
carlosp
pmejuto
hudson
csimeon
ayuda
local
cayetano
meetingbcn3
sauron
rbarrera
jtamayo
josemanuel
qavmuser
empresas
jbravo
vpimentel
jplana
eduardo
luke_sip
devopsapp
soportetu
jjmlopez
stefan
sites
bdiaz
william
devopstest
avisomovil
guestbcn
oleg
elena
alba
egonzalez
mvnokpis
ladrian
mrcardenosa
josefina
sgutierrez
veronica
norma
vguerra
mgarcinuno
jkremens
vmunoz
iregueras
jmasenjo
javierf
cestebanez
acienfuegos
atoledano
clanza
aquesada
luisfernandez
pvicente
pladaria
bell
jpadron
saboulaban
mmartin
abeaumont
jengelmo
mmiras
bmoreno
iabril
fjvaldera
nurieta
quino
agarcia
ljalvarez
imartinez
qurius
vpeon
isimon
jtobajas
drivera
pruiz
sbernabe
tuentimovil
valcazar
alvarog
llopez
andreag
mbhijosa
jjtorroglosa
jennifer
jcamunas
jmunoz
jorgesanchez
mmarijuan
pfcueto
cisidro
ttavio
atobar
ppuebla
fvazquez
jpmolto
aviedma
emazzone
sandalucia
maescudero
stephanies
rayco
jvpena
agsantiago
acanadas
sachapascual
darodriguez
jdmunoz
rrarjona
sreoncall
rfernandez
jmperez
acalvo
imullor
mariorodriguez
rsastre
mariadelmar
jjuarez
asantos
amegias
mpadilla
eciria
osx2
osx1
jsalavert
fgamez
jmpalacio
mvera
vanessa
mjmartinez
landina
jflablanca
gaby
mobiletest
hr.oficina
temporal34
may
rvalenzuela
pabloledesma
fsanchez
gmerino
pol
iviejo
sarroyo
gemaperona
amiragall
richardnorwood
rdefrutos
craig
jose.novo
jpulido
smeruelo
jmexposito
amurillo
sbiurrun
mihaela
jesusrodriguez
pablogonzalez
analytics
lcastilla
reception4
aorejana
